2026-06-06 11:57:34,583 [INFO] Random seed: 789
2026-06-06 11:57:34,588 [INFO] Loading data from /root/data/tencent_clean
2026-06-06 11:57:48,180 [INFO] Loaded 50 assets from /root/data/tencent_clean
2026-06-06 11:57:48,207 [INFO] Common date range: 2020-11-09 00:00:00 ~ 2026-04-27 00:00:00 (1173 trading days)
2026-06-06 11:57:48,315 [INFO] Multi-asset data: (1110, 50, 63, 9), targets: (1110, 63, 50)
2026-06-06 11:57:48,327 [INFO] Data loaded: B=1110 sequences, N=50 assets, T=63 steps, D=9 features
2026-06-06 11:57:48,331 [INFO] GBDT C++ module loaded (from gbdt package)
2026-06-06 11:57:48,338 [INFO] Walk-forward: train_window=400, val_window=80, step_size=63, purge_period=126
/root/Glaubenskrieg/src/train/_walk_forward_utils.py:73: UserWarning: purge_period (126) >= val_window (80) — no valid windows may be produced
  warnings.warn(f"purge_period ({purge_period}) >= val_window ({val_window}) — no valid windows may be produced")
2026-06-06 11:57:48,338 [INFO] Window 0: pos=0, train=[0,400), val=[526,606)
2026-06-06 11:57:49,083 [INFO]   Features: X_train=(20000, 54), X_val=(4000, 54) (raw=9 agg → 54 GBDT features)
/root/Glaubenskrieg/scripts/train_gbdt_only.py:74: ConstantInputWarning: An input array is constant; the correlation coefficient is not defined.
  ic, _ = spearmanr(y_true[valid], y_pred[valid])
2026-06-06 11:57:50,879 [INFO]   Metrics: sharpe=-0.9380, IC=0.0142, dir_acc=0.4533
2026-06-06 11:57:50,879 [INFO] Window 1: pos=63, train=[63,463), val=[589,669)
2026-06-06 11:57:51,604 [INFO]   Features: X_train=(20000, 54), X_val=(4000, 54) (raw=9 agg → 54 GBDT features)
2026-06-06 11:57:54,146 [INFO]   Metrics: sharpe=-0.0145, IC=0.0000, dir_acc=0.5202
2026-06-06 11:57:54,147 [INFO] Window 2: pos=126, train=[126,526), val=[652,732)
2026-06-06 11:57:55,026 [INFO]   Features: X_train=(20000, 54), X_val=(4000, 54) (raw=9 agg → 54 GBDT features)
2026-06-06 11:57:57,667 [INFO]   Metrics: sharpe=0.8190, IC=-0.0462, dir_acc=0.5250
2026-06-06 11:57:57,667 [INFO] Window 3: pos=189, train=[189,589), val=[715,795)
2026-06-06 11:57:58,439 [INFO]   Features: X_train=(20000, 54), X_val=(4000, 54) (raw=9 agg → 54 GBDT features)
2026-06-06 11:58:00,585 [INFO]   Metrics: sharpe=-1.6866, IC=0.0000, dir_acc=0.4130
2026-06-06 11:58:00,585 [INFO] Window 4: pos=252, train=[252,652), val=[778,858)
2026-06-06 11:58:01,280 [INFO]   Features: X_train=(20000, 54), X_val=(4000, 54) (raw=9 agg → 54 GBDT features)
2026-06-06 11:58:02,915 [INFO]   Metrics: sharpe=-0.0574, IC=0.0439, dir_acc=0.4695
2026-06-06 11:58:02,915 [INFO] Window 5: pos=315, train=[315,715), val=[841,921)
2026-06-06 11:58:03,640 [INFO]   Features: X_train=(20000, 54), X_val=(4000, 54) (raw=9 agg → 54 GBDT features)
2026-06-06 11:58:05,775 [INFO]   Metrics: sharpe=0.0854, IC=0.0268, dir_acc=0.4807
2026-06-06 11:58:05,775 [INFO] Window 6: pos=378, train=[378,778), val=[904,984)
2026-06-06 11:58:06,531 [INFO]   Features: X_train=(20000, 54), X_val=(4000, 54) (raw=9 agg → 54 GBDT features)
2026-06-06 11:58:09,076 [INFO]   Metrics: sharpe=-1.2790, IC=0.0130, dir_acc=0.4145
2026-06-06 11:58:09,076 [INFO] Window 7: pos=441, train=[441,841), val=[967,1047)
2026-06-06 11:58:09,799 [INFO]   Features: X_train=(20000, 54), X_val=(4000, 54) (raw=9 agg → 54 GBDT features)
2026-06-06 11:58:12,445 [INFO]   Metrics: sharpe=-0.7945, IC=0.0000, dir_acc=0.4340
2026-06-06 11:58:12,445 [INFO] Window 8: pos=504, train=[504,904), val=[1030,1110)
2026-06-06 11:58:13,208 [INFO]   Features: X_train=(20000, 54), X_val=(4000, 54) (raw=9 agg → 54 GBDT features)
2026-06-06 11:58:15,792 [INFO]   Metrics: sharpe=-0.1313, IC=0.0199, dir_acc=0.4675
2026-06-06 11:58:15,793 [INFO] Metrics saved to /root/results/v5/gbdt_s789.json
2026-06-06 11:58:15,793 [INFO] Summary: sharpe=-0.4441 ± 0.7390, IC=0.0080 ± 0.0235, dir_acc=0.4642 ± 0.0384
