2026-06-06 11:57:34,664 [INFO] Random seed: 123
2026-06-06 11:57:34,669 [INFO] Loading data from /root/data/tencent_clean
2026-06-06 11:57:48,367 [INFO] Loaded 50 assets from /root/data/tencent_clean
2026-06-06 11:57:48,393 [INFO] Common date range: 2020-11-09 00:00:00 ~ 2026-04-27 00:00:00 (1173 trading days)
2026-06-06 11:57:48,552 [INFO] Multi-asset data: (1110, 50, 63, 9), targets: (1110, 63, 50)
2026-06-06 11:57:48,567 [INFO] Data loaded: B=1110 sequences, N=50 assets, T=63 steps, D=9 features
2026-06-06 11:57:48,575 [INFO] GBDT C++ module loaded (from gbdt package)
2026-06-06 11:57:48,586 [INFO] Walk-forward: train_window=400, val_window=80, step_size=63, purge_period=126
/root/Glaubenskrieg/src/train/_walk_forward_utils.py:73: UserWarning: purge_period (126) >= val_window (80) — no valid windows may be produced
  warnings.warn(f"purge_period ({purge_period}) >= val_window ({val_window}) — no valid windows may be produced")
2026-06-06 11:57:48,586 [INFO] Window 0: pos=0, train=[0,400), val=[526,606)
2026-06-06 11:57:49,484 [INFO]   Features: X_train=(20000, 54), X_val=(4000, 54) (raw=9 agg → 54 GBDT features)
/root/Glaubenskrieg/scripts/train_gbdt_only.py:74: ConstantInputWarning: An input array is constant; the correlation coefficient is not defined.
  ic, _ = spearmanr(y_true[valid], y_pred[valid])
2026-06-06 11:57:51,402 [INFO]   Metrics: sharpe=-0.7893, IC=0.0294, dir_acc=0.4493
2026-06-06 11:57:51,402 [INFO] Window 1: pos=63, train=[63,463), val=[589,669)
2026-06-06 11:57:52,193 [INFO]   Features: X_train=(20000, 54), X_val=(4000, 54) (raw=9 agg → 54 GBDT features)
2026-06-06 11:57:54,841 [INFO]   Metrics: sharpe=0.0313, IC=0.0067, dir_acc=0.4988
2026-06-06 11:57:54,841 [INFO] Window 2: pos=126, train=[126,526), val=[652,732)
2026-06-06 11:57:55,567 [INFO]   Features: X_train=(20000, 54), X_val=(4000, 54) (raw=9 agg → 54 GBDT features)
2026-06-06 11:57:58,276 [INFO]   Metrics: sharpe=-0.9794, IC=-0.0008, dir_acc=0.4640
2026-06-06 11:57:58,276 [INFO] Window 3: pos=189, train=[189,589), val=[715,795)
2026-06-06 11:57:59,000 [INFO]   Features: X_train=(20000, 54), X_val=(4000, 54) (raw=9 agg → 54 GBDT features)
2026-06-06 11:58:01,835 [INFO]   Metrics: sharpe=-1.6866, IC=0.0000, dir_acc=0.4130
2026-06-06 11:58:01,835 [INFO] Window 4: pos=252, train=[252,652), val=[778,858)
2026-06-06 11:58:02,655 [INFO]   Features: X_train=(20000, 54), X_val=(4000, 54) (raw=9 agg → 54 GBDT features)
2026-06-06 11:58:05,527 [INFO]   Metrics: sharpe=-0.0644, IC=0.0431, dir_acc=0.4690
2026-06-06 11:58:05,527 [INFO] Window 5: pos=315, train=[315,715), val=[841,921)
2026-06-06 11:58:06,353 [INFO]   Features: X_train=(20000, 54), X_val=(4000, 54) (raw=9 agg → 54 GBDT features)
2026-06-06 11:58:08,894 [INFO]   Metrics: sharpe=-0.4911, IC=0.0071, dir_acc=0.4447
2026-06-06 11:58:08,895 [INFO] Window 6: pos=378, train=[378,778), val=[904,984)
2026-06-06 11:58:09,782 [INFO]   Features: X_train=(20000, 54), X_val=(4000, 54) (raw=9 agg → 54 GBDT features)
2026-06-06 11:58:12,400 [INFO]   Metrics: sharpe=1.5638, IC=0.0000, dir_acc=0.5945
2026-06-06 11:58:12,401 [INFO] Window 7: pos=441, train=[441,841), val=[967,1047)
2026-06-06 11:58:13,115 [INFO]   Features: X_train=(20000, 54), X_val=(4000, 54) (raw=9 agg → 54 GBDT features)
2026-06-06 11:58:15,593 [INFO]   Metrics: sharpe=0.7945, IC=0.0000, dir_acc=0.5660
2026-06-06 11:58:15,593 [INFO] Window 8: pos=504, train=[504,904), val=[1030,1110)
2026-06-06 11:58:16,405 [INFO]   Features: X_train=(20000, 54), X_val=(4000, 54) (raw=9 agg → 54 GBDT features)
2026-06-06 11:58:18,033 [INFO]   Metrics: sharpe=0.6474, IC=0.0000, dir_acc=0.5510
2026-06-06 11:58:18,034 [INFO] Metrics saved to /root/results/v5/gbdt_s123.json
2026-06-06 11:58:18,034 [INFO] Summary: sharpe=-0.1082 ± 0.9465, IC=0.0095 ± 0.0149, dir_acc=0.4945 ± 0.0588
