2026-06-06 11:57:34,610 [INFO] Random seed: 1024
2026-06-06 11:57:34,616 [INFO] Loading data from /root/data/tencent_clean
2026-06-06 11:57:48,342 [INFO] Loaded 50 assets from /root/data/tencent_clean
2026-06-06 11:57:48,367 [INFO] Common date range: 2020-11-09 00:00:00 ~ 2026-04-27 00:00:00 (1173 trading days)
2026-06-06 11:57:48,475 [INFO] Multi-asset data: (1110, 50, 63, 9), targets: (1110, 63, 50)
2026-06-06 11:57:48,485 [INFO] Data loaded: B=1110 sequences, N=50 assets, T=63 steps, D=9 features
2026-06-06 11:57:48,489 [INFO] GBDT C++ module loaded (from gbdt package)
2026-06-06 11:57:48,496 [INFO] Walk-forward: train_window=400, val_window=80, step_size=63, purge_period=126
/root/Glaubenskrieg/src/train/_walk_forward_utils.py:73: UserWarning: purge_period (126) >= val_window (80) — no valid windows may be produced
  warnings.warn(f"purge_period ({purge_period}) >= val_window ({val_window}) — no valid windows may be produced")
2026-06-06 11:57:48,496 [INFO] Window 0: pos=0, train=[0,400), val=[526,606)
2026-06-06 11:57:49,207 [INFO]   Features: X_train=(20000, 54), X_val=(4000, 54) (raw=9 agg → 54 GBDT features)
/root/Glaubenskrieg/scripts/train_gbdt_only.py:74: ConstantInputWarning: An input array is constant; the correlation coefficient is not defined.
  ic, _ = spearmanr(y_true[valid], y_pred[valid])
2026-06-06 11:57:51,188 [INFO]   Metrics: sharpe=-0.7936, IC=0.0354, dir_acc=0.4490
2026-06-06 11:57:51,189 [INFO] Window 1: pos=63, train=[63,463), val=[589,669)
2026-06-06 11:57:52,014 [INFO]   Features: X_train=(20000, 54), X_val=(4000, 54) (raw=9 agg → 54 GBDT features)
2026-06-06 11:57:54,831 [INFO]   Metrics: sharpe=-0.6090, IC=0.0252, dir_acc=0.4950
2026-06-06 11:57:54,831 [INFO] Window 2: pos=126, train=[126,526), val=[652,732)
2026-06-06 11:57:55,645 [INFO]   Features: X_train=(20000, 54), X_val=(4000, 54) (raw=9 agg → 54 GBDT features)
2026-06-06 11:57:58,300 [INFO]   Metrics: sharpe=0.8722, IC=-0.0255, dir_acc=0.5368
2026-06-06 11:57:58,300 [INFO] Window 3: pos=189, train=[189,589), val=[715,795)
2026-06-06 11:57:59,045 [INFO]   Features: X_train=(20000, 54), X_val=(4000, 54) (raw=9 agg → 54 GBDT features)
2026-06-06 11:58:01,784 [INFO]   Metrics: sharpe=1.6866, IC=0.0000, dir_acc=0.5870
2026-06-06 11:58:01,784 [INFO] Window 4: pos=252, train=[252,652), val=[778,858)
2026-06-06 11:58:02,483 [INFO]   Features: X_train=(20000, 54), X_val=(4000, 54) (raw=9 agg → 54 GBDT features)
2026-06-06 11:58:05,180 [INFO]   Metrics: sharpe=0.6551, IC=0.0000, dir_acc=0.5535
2026-06-06 11:58:05,180 [INFO] Window 5: pos=315, train=[315,715), val=[841,921)
2026-06-06 11:58:05,950 [INFO]   Features: X_train=(20000, 54), X_val=(4000, 54) (raw=9 agg → 54 GBDT features)
2026-06-06 11:58:08,636 [INFO]   Metrics: sharpe=0.4981, IC=0.0681, dir_acc=0.4935
2026-06-06 11:58:08,637 [INFO] Window 6: pos=378, train=[378,778), val=[904,984)
2026-06-06 11:58:09,389 [INFO]   Features: X_train=(20000, 54), X_val=(4000, 54) (raw=9 agg → 54 GBDT features)
2026-06-06 11:58:12,110 [INFO]   Metrics: sharpe=1.5638, IC=0.0000, dir_acc=0.5945
2026-06-06 11:58:12,110 [INFO] Window 7: pos=441, train=[441,841), val=[967,1047)
2026-06-06 11:58:12,819 [INFO]   Features: X_train=(20000, 54), X_val=(4000, 54) (raw=9 agg → 54 GBDT features)
2026-06-06 11:58:15,280 [INFO]   Metrics: sharpe=-0.6294, IC=0.0344, dir_acc=0.4410
2026-06-06 11:58:15,280 [INFO] Window 8: pos=504, train=[504,904), val=[1030,1110)
2026-06-06 11:58:15,973 [INFO]   Features: X_train=(20000, 54), X_val=(4000, 54) (raw=9 agg → 54 GBDT features)
2026-06-06 11:58:17,580 [INFO]   Metrics: sharpe=0.6474, IC=0.0000, dir_acc=0.5510
2026-06-06 11:58:17,581 [INFO] Metrics saved to /root/results/v5/gbdt_s1024.json
2026-06-06 11:58:17,581 [INFO] Summary: sharpe=0.4323 ± 0.8732, IC=0.0153 ± 0.0264, dir_acc=0.5224 ± 0.0527
